// Jest Snapshot v1, https://goo.gl/fbAQLP

exports[`<Icon /> should display a Icon component 1`] = `
.c0 {
  margin: 0 auto;
  position: relative;
}

.c0 svg {
  vertical-align: inherit;
}

<i
  aria-hidden="true"
  className="c-icon c0"
>
  <svg
    height="24"
    viewBox="0 0 24 24"
    width="24"
  >
    <path
      d="M11 5v6H5v2h6v6h2v-6h6v-2h-6V5h-2z"
    />
  </svg>
</i>
`;
