// Jest Snapshot v1, https://goo.gl/fbAQLP

exports[`<LoadingBar /> should display a loading bar 1`] = `
.c0 {
  background: var(--brand-success);
  display: none;
  height: 2px;
  left: 0;
  position: fixed;
  right: 0;
  top: 0;
  -webkit-transform: translateX(100%);
  -ms-transform: translateX(100%);
  transform: translateX(100%);
  z-index: 10;
}

<div
  className="c-loadingBar c0"
/>
`;
